%!Adobe-FontList 1.14
%Locale:0x40c

%BeginFont
Handler:DirectoryHandler
FontType:Invalid
OutlineFileName:C:\Users\Emeline\Desktop\SITE_PRO\Font\roboto_thin_macroman\Roboto-Thin-demo.html
FileModTime:1520350602
%EndFont

%BeginFont
Handler:DirectoryHandler
FontType:Invalid
OutlineFileName:C:\Users\Emeline\Desktop\SITE_PRO\Font\roboto_thin_macroman\Roboto-Thin-webfont.eot
FileModTime:1520350602
%EndFont

%BeginFont
Handler:DirectoryHandler
FontType:Invalid
OutlineFileName:C:\Users\Emeline\Desktop\SITE_PRO\Font\roboto_thin_macroman\Roboto-Thin-webfont.svg
FileModTime:1520350602
%EndFont

%BeginFont
Handler:DirectoryHandler
FontType:TrueType
FontName:Roboto-Thin
FamilyName:Roboto
StyleName:Thin
FullName:Roboto Thin
MenuName:Roboto Thin
StyleBits:0
WritingScript:Roman
OutlineFileName:C:\Users\Emeline\Desktop\SITE_PRO\Font\roboto_thin_macroman\Roboto-Thin-webfont.ttf
DataFormat:sfntData
FileLength:34072
FileModTime:1520350602
WeightClass:250
WidthClass:5
AngleClass:0
%EndFont

%BeginFont
Handler:DirectoryHandler
FontType:Invalid
OutlineFileName:C:\Users\Emeline\Desktop\SITE_PRO\Font\roboto_thin_macroman\Roboto-Thin-webfont.woff
FileModTime:1520350602
%EndFont

%BeginFont
Handler:DirectoryHandler
FontType:Invalid
OutlineFileName:C:\Users\Emeline\Desktop\SITE_PRO\Font\roboto_thin_macroman\stylesheet.css
FileModTime:1520350602
%EndFont

%BeginFont
Handler:DirectoryHandler
FontType:Invalid
OutlineFileName:C:\Users\Emeline\Desktop\SITE_PRO\Font\roboto_thin_macroman\specimen_files\grid_12-825-55-15.css
FileModTime:1520350602
%EndFont

%BeginFont
Handler:DirectoryHandler
FontType:Invalid
OutlineFileName:C:\Users\Emeline\Desktop\SITE_PRO\Font\roboto_thin_macroman\specimen_files\Roboto-Thin-cleartype.png
FileModTime:1520350602
%EndFont

%BeginFont
Handler:DirectoryHandler
FontType:Invalid
OutlineFileName:C:\Users\Emeline\Desktop\SITE_PRO\Font\roboto_thin_macroman\specimen_files\specimen_stylesheet.css
FileModTime:1520350602
%EndFont

%BeginFont
Handler:DirectoryHandler
FontType:Invalid
OutlineFileName:C:\Users\Emeline\Desktop\SITE_PRO\Font\roboto\Roboto-Black-webfont.eot
FileModTime:1520350602
%EndFont

%BeginFont
Handler:DirectoryHandler
FontType:Invalid
OutlineFileName:C:\Users\Emeline\Desktop\SITE_PRO\Font\roboto\Roboto-Black-webfont.svg
FileModTime:1520350602
%EndFont

%BeginFont
Handler:DirectoryHandler
FontType:TrueType
FontName:Roboto-Black
FamilyName:Roboto
StyleName:Black
FullName:Roboto Black
MenuName:Roboto Black
StyleBits:0
WritingScript:Roman
OutlineFileName:C:\Users\Emeline\Desktop\SITE_PRO\Font\roboto\Roboto-Black-webfont.ttf
DataFormat:sfntData
FileLength:35892
FileModTime:1520350602
WeightClass:900
WidthClass:5
AngleClass:0
%EndFont

%BeginFont
Handler:DirectoryHandler
FontType:Invalid
OutlineFileName:C:\Users\Emeline\Desktop\SITE_PRO\Font\roboto\Roboto-Black-webfont.woff
FileModTime:1520350602
%EndFont

%BeginFont
Handler:DirectoryHandler
FontType:Invalid
OutlineFileName:C:\Users\Emeline\Desktop\SITE_PRO\Font\roboto\roboto-bold.eot
FileModTime:1520350602
%EndFont

%BeginFont
Handler:DirectoryHandler
FontType:Invalid
OutlineFileName:C:\Users\Emeline\Desktop\SITE_PRO\Font\roboto\roboto-bold.svg
FileModTime:1520350602
%EndFont

%BeginFont
Handler:DirectoryHandler
FontType:TrueType
FontName:Roboto-Bold
FamilyName:Roboto
StyleName:Bold
FullName:Roboto Bold
MenuName:Roboto
StyleBits:2
WritingScript:Roman
OutlineFileName:C:\Users\Emeline\Desktop\SITE_PRO\Font\roboto\roboto-bold.ttf
DataFormat:sfntData
FileLength:35912
FileModTime:1520350602
WeightClass:700
WidthClass:5
AngleClass:0
%EndFont

%BeginFont
Handler:DirectoryHandler
FontType:Invalid
OutlineFileName:C:\Users\Emeline\Desktop\SITE_PRO\Font\roboto\roboto-bold.woff
FileModTime:1520350602
%EndFont

%BeginFont
Handler:DirectoryHandler
FontType:Invalid
OutlineFileName:C:\Users\Emeline\Desktop\SITE_PRO\Font\roboto\Roboto-LightItalic-webfont.eot
FileModTime:1520350602
%EndFont

%BeginFont
Handler:DirectoryHandler
FontType:Invalid
OutlineFileName:C:\Users\Emeline\Desktop\SITE_PRO\Font\roboto\Roboto-LightItalic-webfont.svg
FileModTime:1520350602
%EndFont

%BeginFont
Handler:DirectoryHandler
FontType:TrueType
FontName:Roboto-LightItalic
FamilyName:Roboto
StyleName:Light Italic
FullName:Roboto Light Italic
MenuName:Roboto Light
StyleBits:1
WritingScript:Roman
OutlineFileName:C:\Users\Emeline\Desktop\SITE_PRO\Font\roboto\Roboto-LightItalic-webfont.ttf
DataFormat:sfntData
FileLength:35212
FileModTime:1520350602
WeightClass:300
WidthClass:5
AngleClass:1
%EndFont

%BeginFont
Handler:DirectoryHandler
FontType:Invalid
OutlineFileName:C:\Users\Emeline\Desktop\SITE_PRO\Font\roboto\Roboto-LightItalic-webfont.woff
FileModTime:1520350602
%EndFont

%BeginFont
Handler:DirectoryHandler
FontType:Invalid
OutlineFileName:C:\Users\Emeline\Desktop\SITE_PRO\Font\roboto\Roboto-Medium-webfont.eot
FileModTime:1520350602
%EndFont

%BeginFont
Handler:DirectoryHandler
FontType:Invalid
OutlineFileName:C:\Users\Emeline\Desktop\SITE_PRO\Font\roboto\Roboto-Medium-webfont.svg
FileModTime:1520350602
%EndFont

%BeginFont
Handler:DirectoryHandler
FontType:TrueType
FontName:Roboto-Medium
FamilyName:Roboto
StyleName:Medium
FullName:Roboto Medium
MenuName:Roboto Medium
StyleBits:0
WritingScript:Roman
OutlineFileName:C:\Users\Emeline\Desktop\SITE_PRO\Font\roboto\Roboto-Medium-webfont.ttf
DataFormat:sfntData
FileLength:34972
FileModTime:1520350602
WeightClass:500
WidthClass:5
AngleClass:0
%EndFont

%BeginFont
Handler:DirectoryHandler
FontType:Invalid
OutlineFileName:C:\Users\Emeline\Desktop\SITE_PRO\Font\roboto\Roboto-Medium-webfont.woff
FileModTime:1520350602
%EndFont

%BeginFont
Handler:DirectoryHandler
FontType:Invalid
OutlineFileName:C:\Users\Emeline\Desktop\SITE_PRO\Font\roboto\Roboto-Regular-webfont.eot
FileModTime:1520350602
%EndFont

%BeginFont
Handler:DirectoryHandler
FontType:Invalid
OutlineFileName:C:\Users\Emeline\Desktop\SITE_PRO\Font\roboto\Roboto-Regular-webfont.svg
FileModTime:1520350602
%EndFont

%BeginFont
Handler:DirectoryHandler
FontType:TrueType
FontName:Roboto-Regular
FamilyName:Roboto
StyleName:Regular
FullName:Roboto Regular
MenuName:Roboto
StyleBits:0
WritingScript:Roman
OutlineFileName:C:\Users\Emeline\Desktop\SITE_PRO\Font\roboto\Roboto-Regular-webfont.ttf
DataFormat:sfntData
FileLength:34524
FileModTime:1520350602
WeightClass:400
WidthClass:5
AngleClass:0
%EndFont

%BeginFont
Handler:DirectoryHandler
FontType:Invalid
OutlineFileName:C:\Users\Emeline\Desktop\SITE_PRO\Font\roboto\Roboto-Regular-webfont.woff
FileModTime:1520350602
%EndFont

%BeginFont
Handler:DirectoryHandler
FontType:Invalid
OutlineFileName:C:\Users\Emeline\Desktop\SITE_PRO\Font\roboto\Roboto-Thin-webfont.eot
FileModTime:1520350602
%EndFont

%BeginFont
Handler:DirectoryHandler
FontType:Invalid
OutlineFileName:C:\Users\Emeline\Desktop\SITE_PRO\Font\roboto\Roboto-Thin-webfont.svg
FileModTime:1520350602
%EndFont

%BeginFont
Handler:DirectoryHandler
FontType:TrueType
FontName:Roboto-Thin
FamilyName:Roboto
StyleName:Thin
FullName:Roboto Thin
MenuName:Roboto Thin
StyleBits:0
WritingScript:Roman
OutlineFileName:C:\Users\Emeline\Desktop\SITE_PRO\Font\roboto\Roboto-Thin-webfont.ttf
DataFormat:sfntData
FileLength:34072
FileModTime:1520350602
WeightClass:250
WidthClass:5
AngleClass:0
%EndFont

%BeginFont
Handler:DirectoryHandler
FontType:Invalid
OutlineFileName:C:\Users\Emeline\Desktop\SITE_PRO\Font\roboto\Roboto-Thin-webfont.woff
FileModTime:1520350602
%EndFont

